Last login: Mon Jun 13 03:34:08 2016 from 183.158.182.203
[root@guhaotechnology ~]# mysql -uroot -pnew-password
Welcome to the MySQL monitor.  Commands end with ; or \g.
Your MySQL connection id is 716
Server version: 5.1.73 Source distribution

Copyright (c) 2000, 2013, Oracle and/or its affiliates. All rights reserved.

Oracle is a registered trademark of Oracle Corporation and/or its
affiliates. Other names may be trademarks of their respective
owners.

Type 'help;' or '\h' for help. Type '\c' to clear the current input statement.

mysql> shwo databases;
ERROR 1064 (42000): You have an error in your SQL syntax; check the manual that corresponds to your MySQL server version for the right syntax to use near 'shwo databases' at line 1
mysql> show database;
ERROR 1064 (42000): You have an error in your SQL syntax; check the manual that corresponds to your MySQL server version for the right syntax to use near 'database' at line 1
mysql> use my_db;
Reading table information for completion of table and column names
You can turn off this feature to get a quicker startup with -A

Database changed
mysql> Alter table recordClear cleardate verchar(20);
ERROR 1064 (42000): You have an error in your SQL syntax; check the manual that corresponds to your MySQL server version for the right syntax to use near 'cleardate verchar(20)' at line 1
mysql> Alter table recordClear add cleardate verchar(20); 
ERROR 1064 (42000): You have an error in your SQL syntax; check the manual that corresponds to your MySQL server version for the right syntax to use near 'verchar(20)' at line 1
mysql> use my_db;
Database changed
mysql> Alter table recordClear add cleardate verchar(20);
ERROR 1064 (42000): You have an error in your SQL syntax; check the manual that corresponds to your MySQL server version for the right syntax to use near 'verchar(20)' at line 1
mysql> Alter table recordClear add cleardate varchar(20); 
Query OK, 3 rows affected (0.06 sec)
Records: 3  Duplicates: 0  Warnings: 0

mysql> show tables;
+-----------------+
| Tables_in_my_db |
+-----------------+
| recordClear     |
+-----------------+
1 row in set (0.00 sec)

mysql> describe recordClear;
+-------------+-------------+------+-----+---------+-------+
| Field       | Type        | Null | Key | Default | Extra |
+-------------+-------------+------+-----+---------+-------+
| recordId    | varchar(15) | YES  |     | NULL    |       |
| recordCount | int(11)     | YES  |     | NULL    |       |
| cleardate   | varchar(20) | YES  |     | NULL    |       |
+-------------+-------------+------+-----+---------+-------+
3 rows in set (0.00 sec)